// Jest Snapshot v1, https://goo.gl/fbAQLP

exports[`PortraitItem renders correctly 1`] = `ShallowWrapper {}`;
